src/app/admin/perfumes/page.tsx(70,13): error TS2322: Type 'string | undefined' is not assignable to type 'string'.
  Type 'undefined' is not assignable to type 'string'.
src/app/admin/perfumes/page.tsx(72,13): error TS2322: Type 'string | undefined' is not assignable to type 'string'.
  Type 'undefined' is not assignable to type 'string'.
src/app/perfume/[id]/PerfumeClient.tsx(228,50): error TS2339: Property 'occasion' does not exist on type 'Perfume'.
src/app/perfume/[id]/PerfumeClient.tsx(254,54): error TS2339: Property 'gender' does not exist on type 'Perfume'.
src/app/perfume/[id]/PerfumeClient.tsx(353,35): error TS2322: Type '{ top: { name: string; }[]; heart: { name: string; }[]; base: { name: string; }[]; }' is not assignable to type 'ScentPyramid'.
  Types of property 'top' are incompatible.
    Type '{ name: string; }[]' is not assignable to type 'FragranceNote[]'.
      Property 'intensity' is missing in type '{ name: string; }' but required in type 'FragranceNote'.
src/app/perfume/[id]/PerfumeClient.tsx(366,45): error TS2339: Property 'story' does not exist on type 'Perfume'.
src/app/perfume/[id]/PerfumeClient.tsx(386,42): error TS2322: Type 'Perfume[]' is not assignable to type 'import("C:/Users/ACER/www/perfume/src/data/perfumes").Perfume[]'.
  Type 'Perfume' is missing the following properties from type 'Perfume': occasion, gender, story
src/components/home/SignaturePerfumes.tsx(76,55): error TS2339: Property 'price' does not exist on type 'Perfume'.
